  *********************************************************************************************************
  **                                                                                                     **
  **           888888888888                                                                              **
  **         8888888888888888                                                                            **
  **      888888888888888888                                                                             **
  **     888888888888888888                                                                              **
  **    888888888888888                                                                                  **
  **   88888888888888888888                               88888                       8888:              **
  **   8888888888888888888888Z                            88888                       8888:              **
  **   888888888888888888888888?                          88888                       8888:              **
  **   8888888888888      8888888                                        888888       8888:              **
  **    88888888888         888888     8888:     88888    88888        888888888I     8888:    888888    **
  **    8888888888           88888:    8888:     88888    88888      $888888888888    8888:   888888     **
  **    I8Z 88888             88888    8888:     88888    88888    .888888     8888   8888: 888888       **
  **    .8Z 88888             88888    8888:     88888    88888    $88888             8888:88888         **
  **     8I 88888      .=88. .88888    8888:     88888    88888    88888              8888888888         **
  **    :8  88888      888888$8888$    8888:     88888    88888    8888O              88888888888        **
  **   ,7   +88888.     8888888888.    8888:     88888    88888    888888             88888O888888       **
  **         $888888:.   .8888888      88888....888888    88888     888888     8888   8888:  888888      **
  **          I8888888888888888888     888888888888888    88888     O888888888888O    8888:   888888     **
  **            O888888888888888888     88888888888888    88888       88888888888$    8888:    888888    **
  **               8888888Z     888      .8888I  88888    88888         8888888       8888:     888888   **
  **                                                                                                     **
  **                                                                                                     **
  **                                         Copyright (c) 2021                                          **
  **                          Regents of the University of California San Diego                          **
  **                                    & Michigan State University                                      **
  **                                        All Rights Reserved.                                         **
  **                                                                                                     **
  **                   This software provided pursuant to a license agreement containing                 **
  **                   restrictions on its disclosure, duplication, and use. This software               **
  **                   contains confidential and proprietary information, and may not be                 **
  **                   extracted or distributed, in whole or in part, for any purpose                    **
  **                   whatsoever, without the express written permission of the authors.                **
  **                   This notice, and the associated author list, must be attached to                  **
  **                   all copies, or extracts, of this software. Any additional                         **
  **                   restrictions set forth in the license agreement also apply to this                **
  **                   software.                                                                         **
  *********************************************************************************************************
                                                                                                           
  Cite this work as:                                                                                       
  Manathunga, M.; Jin, C.; Cruzeiro, V.W.D.; Smith, J.; Keipert, K.; Pekurovsky, D.; Mu, D.; Miao, Y.;     
  He, X.; Ayers, K.; Brothers, E.; Goetz, A.W.; Merz, K.M. QUICK-21.03                                     
  University of California San Diego, CA and Michigan State University, East Lansing, MI, 2021             
                                                                                                           
  If you have any comments or queries, please send us an email for technical support:                      
  quick.merzlab@gmail.com                                                                                  
                                                                                                           
| TASK STARTS ON: Thu Mar 18 12:31:08 2021
| INPUT FILE :    api_water_rhf_631g.in
| OUTPUT FILE:    api_water_rhf_631g.out
| DATE FILE  :    api_water_rhf_631g.dat
| BASIS SET PATH: /home/mmanathunga/bugfix171/basis

 @ Read Job And Atom

  KEYWORD=HF BASIS=6-31G CUTOFF=1.0D-10 DENSERMS=1.0D-6 GRADIENT EXTCHARGES                                                                                                                                       
 ============== JOB CARD =============
 METHOD = HATREE FOCK
 DIRECT SCF 
 SAD INITAL GUESS 
 USE DIIS SCF
 PRINT ENERGY EVERY CYCLE
 READ SAD GUESS FROM FILE
 EXTERNAL CHARGES
 GRADIENT CALCULATION
 MAX SCF CYCLES =    200
 MAX DIIS CYCLES =   10
 DELTA DENSITY START CYCLE = 1000
 COMPUTATIONAL CUTOFF: 
      TWO-e INTEGRAL   =  0.100E-09
      BASIS SET PRIME  =  0.100E-19
      MATRIX ELEMENTS  =  0.100E-09
      BASIS FUNCTION   =  0.100E-09
      GRADIENT CUTOFF  =  0.100E-09
 DENSITY MATRIX MAXIMUM RMS FOR CONVERGENCE  =  0.100E-05
 BASIS SET = 6-31G,  TYPE = CARTESIAN
| BASIS FILE = /home/mmanathunga/bugfix171/basis/6-31G.BAS

 @ Finish reading job

 
 @ Running Step :            1
 

 @ Begin SAD initial guess

 For Atom Kind =    1
 ELEMENT = O 
 BASIS FUNCTIONS =    9
 For Atom Kind =    2
 ELEMENT = H 
 BASIS FUNCTIONS =    2

 @ Finish SAD initial guess


 @ Begin Reading Molecular Information


 =========== Molecule Input ==========
 TOTAL MOLECULAR CHARGE  =    0    MULTIPLICITY                =    1
 TOTAL ATOM NUMBER       =    3    NUMBER OF ATOM TYPES        =    2
 NUMBER OF HYDROGEN ATOM =    2    NUMBER OF NON-HYDROGEN ATOM =    1
 NUMBER OF EXTERNAL POINT CHARGES =    1
 NUMBER OF ELECTRONS     =   10

 -- INPUT GEOMETRY -- :
    O          -0.7788       0.0000       1.1327
    H          -0.6667       0.7641       1.7063
    H          -0.6667      -0.7641       1.7063

 -- EXTERNAL POINT CHARGES: (X,Y,Z,Q) -- 
        1.6492     0.0000    -2.3560    -0.8340

 -- DISTANCE MATRIX -- :
              1           2           3
      1     0.00000
      2     1.81792     0.00000
      3     1.81792     2.88788     0.00000

============== BASIS INFOS ==============
 BASIS FUNCTIONS =   13
 NSHELL =    7 NPRIM  =   30
 JSHELL =    7 JBASIS =   18


 @ End Reading Molecular Information 


 @ Begin Energy Calculation

                                         SCF ENERGY
| ------------------------------------------------------------------------------------------------------------------------
| NCYC       ENERGY         DELTA_E      SCF_TIME  DII_CYC   DII_TIME   O_TIME  DIAG_TIME    MAX_ERR    RMS_CHG    MAX_CHG
| ------------------------------------------------------------------------------------------------------------------------
|  1    -76.016519445      ------         0.004     1        0.00      0.00      0.00    0.1759E+01  0.1035E+00  0.4198E+00
|  2    -75.933184537  -.833349E-01       0.003     2        0.00      0.00      0.00    0.1864E+00  0.3106E-01  0.1531E+00
|  3    -75.965823773  0.326392E-01       0.003     3        0.00      0.00      0.00    0.1066E+00  0.9956E-02  0.6221E-01
|  4    -75.973411364  0.758759E-02       0.003     4        0.00      0.00      0.00    0.1752E-01  0.4091E-02  0.1588E-01
|  5    -75.974024259  0.612895E-03       0.003     5        0.00      0.00      0.00    0.3978E-02  0.1662E-02  0.6250E-02
|  6    -75.974081207  0.569481E-04       0.003     6        0.00      0.00      0.00    0.4478E-03  0.2801E-03  0.1022E-02
|  7    -75.974082653  0.144665E-05       0.003     7        0.00      0.00      0.00    0.1514E-03  0.9699E-04  0.4244E-03
|  8    -75.974082783  0.129638E-06       0.003     8        0.00      0.00      0.00    0.1913E-04  0.1065E-04  0.4796E-04
|  9    -75.974082785  0.186568E-08       0.003     9        0.00      0.00      0.00    0.3634E-05  0.2252E-05  0.6514E-05
| -------------- 2E-INT CUTOFF CHANGE TO 0.1000E-08 ------------
| 10    -75.974082787  0.251129E-08       0.004    10        0.00      0.00      0.00    0.1020E-05  0.4760E-06  0.1673E-05
| ------------------------------------------------------------------------------------------------------------------------
| REACH CONVERGENCE AFTER  10 CYLCES
| MAX ERROR = 0.102019E-05   RMS CHANGE = 0.475999E-06   MAX CHANGE = 0.167291E-05
| -----------------------------------------------
 ELECTRONIC ENERGY    =   -84.104687252
 CORE_CORE REPULSION  =     8.130604465
 EXT CHARGE REPULSION =     0.000000000
 TOTAL ENERGY         =   -75.974082787

 @ End Energy calculation


 @ Begin Gradient Calculation

 ANALYTICAL GRADIENT: 
----------------------------------------
 COORDINATE    XYZ            GRADIENT
----------------------------------------
    1X    -0.7788030504     0.0023637392
    1Y     0.0000000000    -0.0000004693
    1Z     1.1326831252    -0.0308767766
    2X    -0.6666820558    -0.0001293752
    2Y     0.7640990602     0.0004145104
    2Z     1.7062910906     0.0146325414
    3X    -0.6666820558    -0.0001294141
    3Y    -0.7640990602    -0.0004140421
    3Z     1.7062901369     0.0146322511
----------------------------------------

 POINT CHARGE GRADIENT: 
----------------------------------------
 COORDINATE    XYZ            GRADIENT
----------------------------------------
    1X     1.6492000886    -0.0021049498
    1Y     0.0000000000     0.0000000011
    1Z    -2.3560001265     0.0016119840
----------------------------------------

 @ End Gradient Calculation

 
 @ Running Step :            2
 

 @ Begin Energy Calculation

                                         SCF ENERGY
| ------------------------------------------------------------------------------------------------------------------------
| NCYC       ENERGY         DELTA_E      SCF_TIME  DII_CYC   DII_TIME   O_TIME  DIAG_TIME    MAX_ERR    RMS_CHG    MAX_CHG
| ------------------------------------------------------------------------------------------------------------------------
|  1    -76.200279779      ------         0.004     1        0.00      0.00      0.00    0.2185E+01  0.1070E+00  0.4297E+00
|  2    -75.912608771  -.287671E+00       0.003     2        0.00      0.00      0.00    0.1729E+00  0.2810E-01  0.1531E+00
|  3    -75.940966980  0.283582E-01       0.003     3        0.00      0.00      0.00    0.8885E-01  0.8626E-02  0.5338E-01
|  4    -75.946953078  0.598610E-02       0.003     4        0.00      0.00      0.00    0.1429E-01  0.2972E-02  0.1309E-01
|  5    -75.947252623  0.299544E-03       0.003     5        0.00      0.00      0.00    0.2146E-02  0.1040E-02  0.4820E-02
|  6    -75.947272846  0.202236E-04       0.003     6        0.00      0.00      0.00    0.3505E-03  0.1543E-03  0.8216E-03
|  7    -75.947273204  0.357833E-06       0.003     7        0.00      0.00      0.00    0.4813E-04  0.2479E-04  0.1211E-03
|  8    -75.947273213  0.865275E-08       0.003     8        0.00      0.00      0.00    0.7176E-05  0.4067E-05  0.1579E-04
| -------------- 2E-INT CUTOFF CHANGE TO 0.1000E-08 ------------
|  9    -75.947273264  0.511770E-07       0.004     9        0.00      0.00      0.00    0.1031E-05  0.6259E-06  0.3001E-05
| ------------------------------------------------------------------------------------------------------------------------
| REACH CONVERGENCE AFTER   9 CYLCES
| MAX ERROR = 0.103082E-05   RMS CHANGE = 0.625942E-06   MAX CHANGE = 0.300065E-05
| -----------------------------------------------
 ELECTRONIC ENERGY    =   -85.724868662
 CORE_CORE REPULSION  =     9.777595398
 EXT CHARGE REPULSION =    -0.101233872
 TOTAL ENERGY         =   -75.947273264

 @ End Energy calculation


 @ Begin Gradient Calculation

 ANALYTICAL GRADIENT: 
----------------------------------------
 COORDINATE    XYZ            GRADIENT
----------------------------------------
    1X    -0.6788030785    -0.0143088470
    1Y     0.0000080000     0.0000407107
    1Z     1.2326830375     0.1643072979
    2X    -0.7248640614     0.0079528386
    2Y     0.7559980731    -0.1364578250
    2Z     1.6062911783    -0.0827858523
    3X    -0.7248620348     0.0079497085
    3Y    -0.7560050469     0.1364170936
    3Z     1.6062901055    -0.0827630794
----------------------------------------

 POINT CHARGE GRADIENT: 
----------------------------------------
 COORDINATE    XYZ            GRADIENT
----------------------------------------
    1X     1.6492000886    -0.0018130621
    1Y     0.0000000000     0.0000000286
    1Z    -2.3560001265     0.0019914831
    2X     0.5448000251     0.0002193619
    2Y     0.0000000000    -0.0000000078
    2Z    -3.8000002425    -0.0007498493
----------------------------------------

 @ End Gradient Calculation

 
 @ Running Step :            3
 

 @ Begin Energy Calculation

                                         SCF ENERGY
| ------------------------------------------------------------------------------------------------------------------------
| NCYC       ENERGY         DELTA_E      SCF_TIME  DII_CYC   DII_TIME   O_TIME  DIAG_TIME    MAX_ERR    RMS_CHG    MAX_CHG
| ------------------------------------------------------------------------------------------------------------------------
|  1    -76.200809517      ------         0.004     1        0.00      0.00      0.00    0.2192E+01  0.1067E+00  0.4316E+00
|  2    -75.925664714  -.275145E+00       0.003     2        0.00      0.00      0.00    0.1765E+00  0.2760E-01  0.1552E+00
|  3    -75.953681941  0.280172E-01       0.003     3        0.00      0.00      0.00    0.8840E-01  0.8559E-02  0.5304E-01
|  4    -75.959672565  0.599062E-02       0.003     4        0.00      0.00      0.00    0.1422E-01  0.2688E-02  0.1282E-01
|  5    -75.959945367  0.272802E-03       0.003     5        0.00      0.00      0.00    0.2035E-02  0.8726E-03  0.3891E-02
|  6    -75.959961454  0.160866E-04       0.003     6        0.00      0.00      0.00    0.3054E-03  0.1292E-03  0.6777E-03
|  7    -75.959961726  0.272295E-06       0.003     7        0.00      0.00      0.00    0.4430E-04  0.2203E-04  0.1060E-03
|  8    -75.959961733  0.685030E-08       0.003     8        0.00      0.00      0.00    0.4803E-05  0.3434E-05  0.1225E-04
| -------------- 2E-INT CUTOFF CHANGE TO 0.1000E-08 ------------
|  9    -75.959961791  0.575086E-07       0.004     9        0.00      0.00      0.00    0.8348E-06  0.5570E-06  0.1972E-05
| ------------------------------------------------------------------------------------------------------------------------
| REACH CONVERGENCE AFTER   9 CYLCES
| MAX ERROR = 0.834756E-06   RMS CHANGE = 0.556996E-06   MAX CHANGE = 0.197193E-05
| -----------------------------------------------
 ELECTRONIC ENERGY    =   -86.627044563
 CORE_CORE REPULSION  =    10.667082773
 EXT CHARGE REPULSION =    -0.170910250
 TOTAL ENERGY         =   -75.959961791

 @ End Energy calculation


 @ Begin Gradient Calculation

 ANALYTICAL GRADIENT: 
----------------------------------------
 COORDINATE    XYZ            GRADIENT
----------------------------------------
    1X    -0.7144300291     0.0083798709
    1Y     0.0000030000     0.0000203320
    1Z     1.2674970403     0.1811120290
    2X    -0.6877240468    -0.0056086341
    2Y     0.7611690745    -0.1430253480
    2Z     1.6244241048    -0.0883836809
    3X    -0.6877230335    -0.0056080794
    3Y    -0.7611720547     0.1430050316
    3Z     1.6244270850    -0.0883737914
----------------------------------------

 POINT CHARGE GRADIENT: 
----------------------------------------
 COORDINATE    XYZ            GRADIENT
----------------------------------------
    1X     1.6492000886    -0.0018602689
    1Y     0.0000000000     0.0000000084
    1Z    -2.3560001265     0.0017484205
    2X     0.5448000251     0.0002674368
    2Y     0.0000000000    -0.0000000023
    2Z    -3.8000002425    -0.0007157583
    3X     0.5448000251     0.0044296747
    3Y     0.0000000000    -0.0000000216
    3Z    -0.9121000867    -0.0053872188
----------------------------------------

 @ End Gradient Calculation

 
 @ Running Step :            4
 

 @ Begin Energy Calculation

                                         SCF ENERGY
| ------------------------------------------------------------------------------------------------------------------------
| NCYC       ENERGY         DELTA_E      SCF_TIME  DII_CYC   DII_TIME   O_TIME  DIAG_TIME    MAX_ERR    RMS_CHG    MAX_CHG
| ------------------------------------------------------------------------------------------------------------------------
|  1    -76.060601858      ------         0.004     1        0.00      0.00      0.00    0.1848E+01  0.1038E+00  0.4246E+00
|  2    -75.945924248  -.114678E+00       0.003     2        0.00      0.00      0.00    0.1829E+00  0.2973E-01  0.1505E+00
|  3    -75.977131213  0.312070E-01       0.003     3        0.00      0.00      0.00    0.1014E+00  0.9533E-02  0.5974E-01
|  4    -75.984184386  0.705317E-02       0.003     4        0.00      0.00      0.00    0.1599E-01  0.3580E-02  0.1454E-01
|  5    -75.984669416  0.485030E-03       0.003     5        0.00      0.00      0.00    0.3299E-02  0.1373E-02  0.5445E-02
|  6    -75.984709387  0.399715E-04       0.003     6        0.00      0.00      0.00    0.3852E-03  0.2191E-03  0.8070E-03
|  7    -75.984710245  0.857706E-06       0.003     7        0.00      0.00      0.00    0.1032E-03  0.6249E-04  0.2732E-03
|  8    -75.984710302  0.567281E-07       0.003     8        0.00      0.00      0.00    0.1567E-04  0.8594E-05  0.3983E-04
| -------------- 2E-INT CUTOFF CHANGE TO 0.1000E-08 ------------
|  9    -75.984710314  0.121340E-07       0.004     9        0.00      0.00      0.00    0.2140E-05  0.1330E-05  0.4475E-05
| 10    -75.984710314  0.355822E-10       0.004    10        0.00      0.00      0.00    0.6685E-06  0.3230E-06  0.1140E-05
| ------------------------------------------------------------------------------------------------------------------------
| REACH CONVERGENCE AFTER  10 CYLCES
| MAX ERROR = 0.668515E-06   RMS CHANGE = 0.322976E-06   MAX CHANGE = 0.113954E-05
| -----------------------------------------------
 ELECTRONIC ENERGY    =   -85.386626551
 CORE_CORE REPULSION  =     9.401916238
 TOTAL ENERGY         =   -75.984710314

 @ End Energy calculation


 @ Begin Gradient Calculation

 ANALYTICAL GRADIENT: 
----------------------------------------
 COORDINATE    XYZ            GRADIENT
----------------------------------------
    1X    -0.7715040438     0.0025500250
    1Y     0.0000000000     0.0000000083
    1Z     1.1674971280     0.0131813406
    2X    -0.6690680300    -0.0012750155
    2Y     0.7637670623    -0.0178446795
    2Z     1.6970081433    -0.0065906854
    3X    -0.6690680300    -0.0012750096
    3Y    -0.7637670623     0.0178446712
    3Z     1.6970081433    -0.0065906552
----------------------------------------

 @ End Gradient Calculation

 
 @ Running Step :            5
 

 @ Begin Energy Calculation

                                         SCF ENERGY
| ------------------------------------------------------------------------------------------------------------------------
| NCYC       ENERGY         DELTA_E      SCF_TIME  DII_CYC   DII_TIME   O_TIME  DIAG_TIME    MAX_ERR    RMS_CHG    MAX_CHG
| ------------------------------------------------------------------------------------------------------------------------
|  1    -76.047387544      ------         0.004     1        0.00      0.00      0.00    0.1820E+01  0.1038E+00  0.4221E+00
|  2    -75.935930386  -.111457E+00       0.003     2        0.00      0.00      0.00    0.1835E+00  0.3024E-01  0.1500E+00
|  3    -75.967348054  0.314177E-01       0.003     3        0.00      0.00      0.00    0.1023E+00  0.9617E-02  0.6022E-01
|  4    -75.974473085  0.712503E-02       0.003     4        0.00      0.00      0.00    0.1665E-01  0.3917E-02  0.1533E-01
|  5    -75.975018244  0.545159E-03       0.003     5        0.00      0.00      0.00    0.3615E-02  0.1568E-02  0.6181E-02
|  6    -75.975067242  0.489977E-04       0.003     6        0.00      0.00      0.00    0.4126E-03  0.2555E-03  0.9054E-03
|  7    -75.975068376  0.113459E-05       0.003     7        0.00      0.00      0.00    0.1208E-03  0.7755E-04  0.3326E-03
|  8    -75.975068461  0.851656E-07       0.003     8        0.00      0.00      0.00    0.1763E-04  0.9962E-05  0.4519E-04
| -------------- 2E-INT CUTOFF CHANGE TO 0.1000E-08 ------------
|  9    -75.975068481  0.192949E-07       0.004     9        0.00      0.00      0.00    0.2744E-05  0.1817E-05  0.5608E-05
| 10    -75.975068481  0.614584E-10       0.004    10        0.00      0.00      0.00    0.8194E-06  0.4317E-06  0.1541E-05
| ------------------------------------------------------------------------------------------------------------------------
| REACH CONVERGENCE AFTER  10 CYLCES
| MAX ERROR = 0.819386E-06   RMS CHANGE = 0.431735E-06   MAX CHANGE = 0.154120E-05
| -----------------------------------------------
 ELECTRONIC ENERGY    =   -84.286234185
 CORE_CORE REPULSION  =     8.311165704
 EXT CHARGE REPULSION =     0.000000000
 TOTAL ENERGY         =   -75.975068481

 @ End Energy calculation


 @ Begin Gradient Calculation

 ANALYTICAL GRADIENT: 
----------------------------------------
 COORDINATE    XYZ            GRADIENT
----------------------------------------
    1X    -0.7713720791     0.0085854591
    1Y     0.0000000000    -0.0000005333
    1Z     1.1627840692    -0.0007526982
    2X    -0.6688450490    -0.0032534648
    2Y     0.7675380697    -0.0115125134
    2Z     1.6989830838    -0.0004318369
    3X    -0.6688450490    -0.0032535184
    3Y    -0.7675380697     0.0115130457
    3Z     1.6989821301    -0.0004321431
----------------------------------------

 POINT CHARGE GRADIENT: 
----------------------------------------
 COORDINATE    XYZ            GRADIENT
----------------------------------------
    1X     1.6492000886    -0.0020784760
    1Y     0.0000000000     0.0000000010
    1Z    -2.3560001265     0.0016166782
----------------------------------------

 @ End Gradient Calculation


 @ Output Timing Information

------------- TIMING ---------------
| INITIAL GUESS TIME  =     0.473752000( 64.04%)
| TOTAL SCF TIME      =     0.169159000( 22.87%)
|       TOTAL OP TIME      =     0.166560000( 22.51%)
|             TOTAL 1e TIME      =     0.003022000(  0.41%)
|             TOTAL 2e TIME      =     0.160217000( 21.66%)
|       TOTAL DII TIME      =     0.002369000(  0.32%)
|             TOTAL DIAG TIME    =     0.000926000(  0.13%)
| TOTAL GRADIENT TIME      =     0.071773000(  9.70%)
|       TOTAL 1e GRADIENT TIME      =     0.008993000( 1.46%)
|       TOTAL 2e GRADIENT TIME      =     0.060913000( 8.23%)
| TOTAL TIME          =     0.739783000
------------------------------------
| Job cpu time:  0 days  0 hours  0 minutes  0.7 seconds.

 @ Finish Output Timing Information

| Normal Termination. Task Finished on: Thu Mar 18 12:31:09 2021
