  *********************************************************************************************************
  **                                                                                                     **
  **           888888888888                                                                              **
  **         8888888888888888                                                                            **
  **      888888888888888888                                                                             **
  **     888888888888888888                                                                              **
  **    888888888888888                                                                                  **
  **   88888888888888888888                               88888                       8888:              **
  **   8888888888888888888888Z                            88888                       8888:              **
  **   888888888888888888888888?                          88888                       8888:              **
  **   8888888888888      8888888                                        888888       8888:              **
  **    88888888888         888888     8888:     88888    88888        888888888I     8888:    888888    **
  **    8888888888           88888:    8888:     88888    88888      $888888888888    8888:   888888     **
  **    I8Z 88888             88888    8888:     88888    88888    .888888     8888   8888: 888888       **
  **    .8Z 88888             88888    8888:     88888    88888    $88888             8888:88888         **
  **     8I 88888      .=88. .88888    8888:     88888    88888    88888              8888888888         **
  **    :8  88888      888888$8888$    8888:     88888    88888    8888O              88888888888        **
  **   ,7   +88888.     8888888888.    8888:     88888    88888    888888             88888O888888       **
  **         $888888:.   .8888888      88888....888888    88888     888888     8888   8888:  888888      **
  **          I8888888888888888888     888888888888888    88888     O888888888888O    8888:   888888     **
  **            O888888888888888888     88888888888888    88888       88888888888$    8888:    888888    **
  **               8888888Z     888      .8888I  88888    88888         8888888       8888:     888888   **
  **                                                                                                     **
  **                                                                                                     **
  **                                         Copyright (c) 2021                                          **
  **                          Regents of the University of California San Diego                          **
  **                                    & Michigan State University                                      **
  **                                        All Rights Reserved.                                         **
  **                                                                                                     **
  **                   This software provided pursuant to a license agreement containing                 **
  **                   restrictions on its disclosure, duplication, and use. This software               **
  **                   contains confidential and proprietary information, and may not be                 **
  **                   extracted or distributed, in whole or in part, for any purpose                    **
  **                   whatsoever, without the express written permission of the authors.                **
  **                   This notice, and the associated author list, must be attached to                  **
  **                   all copies, or extracts, of this software. Any additional                         **
  **                   restrictions set forth in the license agreement also apply to this                **
  **                   software.                                                                         **
  *********************************************************************************************************
                                                                                                           
  Cite this work as:                                                                                       
  Manathunga, M.; Jin, C.; Cruzeiro, V.W.D.; Smith, J.; Keipert, K.; Pekurovsky, D.; Mu, D.; Miao, Y.;     
  He, X.; Ayers, K.; Brothers, E.; Goetz, A.W.; Merz, K.M. QUICK-21.03                                     
  University of California San Diego, CA and Michigan State University, East Lansing, MI, 2021             
                                                                                                           
  If you have any comments or queries, please send us an email for technical support:                      
  quick.merzlab@gmail.com                                                                                  
                                                                                                           
| TASK STARTS ON: Tue Apr 20 14:05:41 2021
| INPUT FILE :    ohrad.in
| OUTPUT FILE:    ohrad.out
| DATE FILE  :    ohrad.dat
| BASIS SET PATH: /server-home1/madu/Work/Qk/uscf/basis

 @ Read Job And Atom

  KEYWORD= UDFT B3LYP BASIS=6-31G** NCYC=1000 CUTOFF=1.0E-9 DENSERMS=1.0E-6 MULT=2 GRADIENT                                                                                                                       
 ============== JOB CARD =============
 METHOD = DENSITY FUNCTIONAL THEORY
 USING LIBXC VERSION: 4.3.4
 FUNCTIONAL INFORMATION:
 NAME = B3LYP FAMILY = HYBRID GGA KIND = EXCHANGE CORRELATION
 DIRECT SCF 
 SAD INITAL GUESS 
 UNRESTRICTED SYSTEM
 USE DIIS SCF
 PRINT ENERGY EVERY CYCLE
 READ SAD GUESS FROM FILE
 STANDARD GRID = SG1
 GRADIENT CALCULATION
 MAX SCF CYCLES =    200
 MAX DIIS CYCLES =   10
 DELTA DENSITY START CYCLE = 1000
 COMPUTATIONAL CUTOFF: 
      TWO-e INTEGRAL   =  0.100E-08
      BASIS SET PRIME  =  0.100E-19
      MATRIX ELEMENTS  =  0.100E-09
      BASIS FUNCTION   =  0.100E-09
      GRADIENT CUTOFF  =  0.100E-08
 DENSITY MATRIX MAXIMUM RMS FOR CONVERGENCE  =  0.100E-05
 BASIS SET = 6-31G**,  TYPE = CARTESIAN
| BASIS FILE = /server-home1/madu/Work/Qk/uscf/basis/6-31GDP.BAS

 @ Finish reading job


 @ Begin SAD initial guess

 For Atom Kind =    1
 ELEMENT = O 
 BASIS FUNCTIONS =   15
 For Atom Kind =    2
 ELEMENT = H 
 BASIS FUNCTIONS =    5

 @ Finish SAD initial guess


 @ Begin Reading Molecular Information


 =========== Molecule Input ==========
 TOTAL MOLECULAR CHARGE  =    0    MULTIPLICITY                =    2
 TOTAL ATOM NUMBER       =    2    NUMBER OF ATOM TYPES        =    2
 NUMBER OF HYDROGEN ATOM =    1    NUMBER OF NON-HYDROGEN ATOM =    1
 NUMBER OF ALPHA ELECTRONS =    5
 NUMBER OF BETA ELECTRONS  =    4

 -- INPUT GEOMETRY -- :
    O          -0.0676      -0.3153       0.0000
    H           0.8924      -0.3153       0.0000

 -- DISTANCE MATRIX -- :
              1           2
      1     0.00000
      2     1.81414     0.00000

============== BASIS INFOS ==============
 BASIS FUNCTIONS =   20
 NSHELL =    7 NPRIM  =   35
 JSHELL =    7 JBASIS =   16


 @ End Reading Molecular Information 


 @ Begin XC Quadrature Formation

 OCTAGO: OCTree Algorithm for Grid Operations 
   PRUNING CUTOFF       = 0.100E-09
   INITIAL GRID POINTS  =        7568
|   FINAL GRID POINTS    =        5434
|   SIGNIFICANT NUMBER OF BASIS FUNCTIONS     =        2688
|   SIGNIFICANT NUMBER OF PRIMITIVE FUNCTIONS =        3270

 @ End XC Quadrature Formation


 @ Begin Energy Calculation

                                         USCF ENERGY
| ------------------------------------------------------------------------------------------------------------------------
| NCYC       ENERGY         DELTA_E      SCF_TIME  DII_CYC   DII_TIME   O_TIME  DIAG_TIME    MAX_ERR    RMS_CHG    MAX_CHG
| ------------------------------------------------------------------------------------------------------------------------
|  1    -75.717095351      ------         0.032     1        0.00      0.03      0.00    0.1197E+01  0.3458E-01  0.2131E+00
|  2    -75.707044172  -.100512E-01       0.032     2        0.00      0.03      0.00    0.1765E+00  0.1366E-01  0.1295E+00
|  3    -75.710709442  0.366527E-02       0.032     3        0.00      0.03      0.00    0.1420E+00  0.6177E-02  0.5429E-01
|  4    -75.728013575  0.173041E-01       0.032     4        0.00      0.03      0.00    0.8499E-02  0.4685E-03  0.3271E-02
|  5    -75.728119009  0.105434E-03       0.032     5        0.00      0.03      0.00    0.1194E-02  0.1585E-03  0.1471E-02
|  6    -75.728126508  0.749895E-05       0.032     6        0.00      0.03      0.00    0.1877E-03  0.5027E-04  0.4710E-03
|  7    -75.728127284  0.776014E-06       0.032     7        0.00      0.03      0.00    0.2075E-04  0.1636E-04  0.1465E-03
|  8    -75.728127363  0.790928E-07       0.032     8        0.00      0.03      0.00    0.5092E-05  0.5677E-05  0.4686E-04
| -------------- 2E-INT CUTOFF CHANGE TO 0.1000E-08 ------------
|  9    -75.728127356  -.703106E-08       0.032     9        0.00      0.03      0.00    0.4278E-05  0.2080E-05  0.1449E-04
| 10    -75.728127357  0.735628E-09       0.032    10        0.00      0.03      0.00    0.4270E-05  0.1420E-05  0.1206E-04
| 11    -75.728127357  0.289692E-09       0.032     1        0.00      0.03      0.00    0.4263E-05  0.1395E-05  0.1202E-04
| 12    -75.728127357  0.272298E-09       0.032     2        0.00      0.03      0.00    0.4256E-05  0.1393E-05  0.1200E-04
| 13    -75.728127358  0.268830E-09       0.032     3        0.00      0.03      0.00    0.4249E-05  0.1389E-05  0.1207E-04
| 14    -75.728127358  0.267381E-09       0.032     4        0.00      0.03      0.00    0.4241E-05  0.1387E-05  0.1197E-04
| 15    -75.728127358  0.266585E-09       0.032     5        0.00      0.03      0.00    0.4234E-05  0.1385E-05  0.1210E-04
| 16    -75.728127358  0.265619E-09       0.032     6        0.00      0.03      0.00    0.4227E-05  0.1383E-05  0.1196E-04
| 17    -75.728127359  0.264667E-09       0.032     7        0.00      0.03      0.00    0.4220E-05  0.1381E-05  0.1213E-04
| 18    -75.728127359  0.263743E-09       0.032     8        0.00      0.03      0.00    0.4213E-05  0.1379E-05  0.1196E-04
| 19    -75.728127359  0.262862E-09       0.032     9        0.00      0.03      0.00    0.4206E-05  0.1377E-05  0.1218E-04
| 20    -75.728127359  0.261952E-09       0.032    10        0.00      0.03      0.00    0.4199E-05  0.1376E-05  0.1196E-04
| 21    -75.728127360  0.261029E-09       0.032     1        0.00      0.03      0.00    0.4192E-05  0.1374E-05  0.1224E-04
| 22    -75.728127360  0.259991E-09       0.033     2        0.00      0.03      0.00    0.4185E-05  0.1373E-05  0.1198E-04
| 23    -75.728127360  0.259096E-09       0.032     3        0.00      0.03      0.00    0.4178E-05  0.1372E-05  0.1234E-04
| 24    -75.728127360  0.258158E-09       0.032     4        0.00      0.03      0.00    0.4172E-05  0.6476E-06  0.5674E-05
| ------------------------------------------------------------------------------------------------------------------------
| REACH CONVERGENCE AFTER  24 CYLCES
| MAX ERROR = 0.417151E-05   RMS CHANGE = 0.647610E-06   MAX CHANGE = 0.567403E-05
| -----------------------------------------------
 ALPHA ELECTRON DENSITY    =    5.0000025648
 BETA ELECTRON DENSITY     =    4.0000030263
 ELECTRONIC ENERGY    =   -80.137937432
 CORE_CORE REPULSION  =     4.409810072
 TOTAL ENERGY         =   -75.728127360

 @ End Energy calculation


 @ Begin Gradient Calculation

 ANALYTICAL GRADIENT: 
----------------------------------------
 COORDINATE    XYZ            GRADIENT
----------------------------------------
    1X    -0.0675675652     0.0192590040
    1Y    -0.3153153341    -0.0000000000
    1Z     0.0000000000     0.0000000000
    2X     0.8924325081    -0.0192286782
    2Y    -0.3153153341     0.0000000000
    2Z     0.0000000000    -0.0000000000
----------------------------------------

 @ End Gradient Calculation


 @ Output Timing Information

------------- TIMING ---------------
| INITIAL GUESS TIME  =     1.041576000( 54.43%)
| DFT GRID OPERATIONS =     0.014872000(  0.78%)
| TOTAL SCF TIME      =     0.770609000( 40.27%)
|       TOTAL OP TIME      =     0.766227000( 40.04%)
|             TOTAL 1e TIME      =     0.000646000(  0.03%)
|             TOTAL 2e TIME      =     0.129562000(  6.77%)
|             TOTAL EXC TIME     =     0.635162000( 33.19%)
|       TOTAL DII TIME      =     0.004337000(  0.23%)
|             TOTAL DIAG TIME    =     0.000074000(  0.00%)
| TOTAL GRADIENT TIME      =     0.078860000(  4.12%)
|       TOTAL 1e GRADIENT TIME      =     0.002015000( 0.12%)
|       TOTAL 2e GRADIENT TIME      =     0.019879000( 1.04%)
|       TOTAL EXC GRADIENT TIME     =     0.056735000(  2.96%)
| TOTAL TIME          =     1.913713000
------------------------------------
| Job cpu time:  0 days  0 hours  0 minutes  1.9 seconds.

 @ Finish Output Timing Information

| Normal Termination. Task Finished on: Tue Apr 20 14:05:43 2021
